J-1: s >= (0, 0) undecided: a sign is not certified on the region (0, 0): [][1,]
J-1: s >= (1, 0) undecided: a sign is not certified on the region (1, 0): [-1,][][1,]
J-1: s >= (2, 0) undecided: a sign at beta is not decided on any bracket: {[-2,]}{[-2,][-1,]}{[1,]}
J-1: s >= (3, 0) undecided: a sign at beta is not decided on any bracket: {[-2,]}{[-2,][-1,]}{[1,]}
J-1: s >= (4, 0) undecided: a sign at beta is not decided on any bracket: {[-2,]}{[-2,][-1,]}{[1,]}
J-1: s >= (6, 0), 166 vertices
J-1: exact (2,1,0), 152 vertices
J-1: exact (3,2,1), 130 vertices
J-1: exact (4,3,2), 176 vertices
J-1: exact (5,4,3), 168 vertices
J-1: exact (6,5,4), 166 vertices
J-1: exact (7,6,5), 166 vertices
J-2: s >= (0, 0) undecided: a sign is not certified on the region (0, 0): [][1,]
J-2: s >= (1, 0) undecided: a sign is not certified on the region (1, 0): [-1,][][1,]
J-2: s >= (2, 0) undecided: a sign at beta is not decided on any bracket: {[-2,]}{[-2,][-1,]}{[1,]}
J-2: s >= (3, 0) undecided: a sign at beta is not decided on any bracket: {[-2,]}{[-2,][-1,]}{[1,]}
J-2: s >= (4, 0) undecided: a sign at beta is not decided on any bracket: {[-4,][2,]}{[10,][-3,]}{[-4,][1,]}
J-2: s >= (6, 0) undecided: a sign at beta is not decided on any bracket: {[8,][-2,]}{[-16,][3,]}{[6,][-1,]}
J-2: s >= (8, 0), 144 vertices
J-2: exact (4,2,1), 139 vertices
J-2: exact (5,3,2), 124 vertices
J-2: exact (6,4,3), 154 vertices
J-2: exact (7,5,4), 148 vertices
J-2: exact (8,6,5), 144 vertices
J-2: exact (9,7,6), 144 vertices
J-2: exact (10,8,7), 144 vertices
J-3: s >= (0, 0) undecided: a sign is not certified on the region (0, 0): [][1,]
J-3: s >= (1, 0) undecided: a sign is not certified on the region (1, 0): [-1,][][1,]
J-3: s >= (2, 0) undecided: a sign at beta is not decided on any bracket: {[-2,]}{[-2,][-1,]}{[1,]}
J-3: s >= (3, 0) undecided: a sign at beta is not decided on any bracket: {[-2,]}{[-2,][-1,]}{[1,]}
J-3: s >= (4, 0) undecided: a sign at beta is not decided on any bracket: {[-8,][-2,]}{[14,][2,]}{[-3,]}
J-3: s >= (6, 0) undecided: a sign at beta is not decided on any bracket: {[6,][-2,]}{[-15,][3,]}{[6,][-1,]}
J-3: s >= (8, 0) undecided: a sign at beta is not decided on any bracket: {[-4,][2,]}{[18,][-3,]}{[-8,][1,]}
J-3: s >= (12, 0), 131 vertices
J-3: exact (5,2,1), 353 vertices
J-3: exact (6,3,2), 129 vertices
J-3: exact (7,4,3), 116 vertices
J-3: exact (8,5,4), 152 vertices
J-3: exact (9,6,5), 135 vertices
J-3: exact (10,7,6), 133 vertices
J-3: exact (11,8,7), 131 vertices
J-3: exact (12,9,8), 131 vertices
J-3: exact (13,10,9), 131 vertices
J-3: exact (14,11,10), 131 vertices
J-3: exact (15,12,11), 131 vertices
J-4: s >= (0, 0) undecided: a sign is not certified on the region (0, 0): [][1,]
J-4: s >= (1, 0) undecided: a sign is not certified on the region (1, 0): [2,][-2,]
J-4: s >= (2, 0) undecided: a sign at beta is not decided on any bracket: {[-2,]}{[-2,][-1,]}{[1,]}
J-4: s >= (3, 0) undecided: a sign at beta is not decided on any bracket: {[-8,][-2,]}{[15,][2,]}{[-3,]}
J-4: s >= (4, 0) undecided: a sign at beta is not decided on any bracket: {[-8,][-2,]}{[15,][2,]}{[-3,]}
J-4: s >= (6, 0) undecided: a sign at beta is not decided on any bracket: {[-4,][2,]}{[14,][-3,]}{[-6,][1,]}
J-4: s >= (8, 0) undecided: a sign at beta is not decided on any bracket: {[8,][-2,]}{[-20,][3,]}{[8,][-1,]}
J-4: s >= (12, 0), 125 vertices
J-4: exact (7,3,2), 349 vertices
J-4: exact (8,4,3), 126 vertices
J-4: exact (9,5,4), 112 vertices
J-4: exact (10,6,5), 188 vertices
J-4: exact (11,7,6), 141 vertices
J-4: exact (12,8,7), 127 vertices
J-4: exact (13,9,8), 127 vertices
J-4: exact (14,10,9), 125 vertices
J-4: exact (15,11,10), 125 vertices
J-4: exact (16,12,11), 125 vertices
A-: s >= (0, 0) undecided: a sign at beta is not decided on any bracket: {[-18,-2,][-4,]}{[30,2,][7,]}{[-2,][-1,]}
A-: s >= (1, 1) undecided: a sign at beta is not decided on any bracket: {[18,2,][4,]}{[-7,-3,][-2,]}{[-1,1,]}
A-: s >= (2, 2), 123 vertices
A- s1=0: s >= (0, 0) undecided: a sign at beta is not decided on any bracket: {[20,2,]}{[-10,-3,]}{[0,1,]}
A- s1=0: s >= (0, 1) undecided: a sign at beta is not decided on any bracket: {[18,2,]}{[-7,-3,]}{[-1,1,]}
A- s1=0: s >= (0, 2), 123 vertices
A- s1=0: exact (17,12,11), 123 vertices
A- s1=0: exact (18,13,12), 123 vertices
A- s2=0: s >= (2, 0), 123 vertices
A- s1=1: s >= (0, 0) undecided: a sign at beta is not decided on any bracket: {[24,2,]}{[-12,-3,]}{[0,1,]}
A- s1=1: s >= (0, 1) undecided: a sign at beta is not decided on any bracket: {[22,2,]}{[-9,-3,]}{[-1,1,]}
A- s1=1: s >= (0, 2), 123 vertices
A- s1=1: exact (20,14,13), 123 vertices
A- s1=1: exact (21,15,14), 123 vertices
A- s2=1: s >= (2, 0), 123 vertices
M--1: s >= (0, 0) undecided: a sign is not certified on the region (0, 0): [][2,]
M--1: s >= (1, 0) undecided: a sign at beta is not decided on any bracket: {[-2,]}{[-2,][-2,]}{[1,]}
M--1: s >= (2, 0) undecided: a sign at beta is not decided on any bracket: {[1,][-3,]}{[-2,][5,]}{[1,][-1,]}
M--1: s >= (3, 0) undecided: a sign at beta is not decided on any bracket: {[][-6,]}{[-1,][8,]}{[1,][-1,]}
M--1: s >= (4, 0) undecided: a sign at beta is not decided on any bracket: {[2,][-6,]}{[-4,][8,]}{[2,][-1,]}
M--1: s >= (6, 0) undecided: a sign at beta is not decided on any bracket: {[6,][-4,]}{[-10,][7,]}{[4,][-1,]}
M--1: s >= (8, 0), 125 vertices
M--1: exact (4,3,2), 176 vertices
M--1: exact (7,5,4), 148 vertices
M--1: exact (10,7,6), 133 vertices
M--1: exact (13,9,8), 127 vertices
M--1: exact (16,11,10), 125 vertices
M--1: exact (19,13,12), 125 vertices
M--1: exact (22,15,14), 125 vertices
M-0: s >= (0, 0) undecided: a sign is not certified on the region (0, 0): [][4,][4,]
M-0: s >= (1, 0) undecided: a sign at beta is not decided on any bracket: {[-2,]}{[-3,][-2,]}{[1,]}
M-0: s >= (2, 0) undecided: a sign at beta is not decided on any bracket: {[-4,][-6,]}{[5,][8,]}{[][-1,]}
M-0: s >= (3, 0) undecided: a sign at beta is not decided on any bracket: {[-2,][-6,]}{[2,][8,]}{[1,][-1,]}
M-0: s >= (4, 0) undecided: a sign at beta is not decided on any bracket: {[6,][-4,]}{[-11,][4,]}{[4,][-1,]}
M-0: s >= (6, 0), 125 vertices
M-0: exact (3,2,1), 130 vertices
M-0: exact (6,4,3), 154 vertices
M-0: exact (9,6,5), 135 vertices
M-0: exact (12,8,7), 127 vertices
M-0: exact (15,10,9), 125 vertices
M-0: exact (18,12,11), 125 vertices
M-1: s >= (0, 0) undecided: a sign is not certified on the region (0, 0): [][2,]
M-1: s >= (1, 0) undecided: a sign at beta is not decided on any bracket: {[-2,]}{[-2,][-2,]}{[1,]}
M-1: s >= (2, 0) undecided: a sign at beta is not decided on any bracket: {[-2,][-6,]}{[3,][8,]}{[][-1,]}
M-1: s >= (3, 0) undecided: a sign at beta is not decided on any bracket: {[][-6,]}{[][8,]}{[1,][-1,]}
M-1: s >= (4, 0) undecided: a sign at beta is not decided on any bracket: {[6,][-4,]}{[-11,][4,]}{[4,][-1,]}
M-1: s >= (6, 0), 133 vertices
M-1: exact (2,1,0), 152 vertices
M-1: exact (5,3,2), 124 vertices
M-1: exact (8,5,4), 152 vertices
M-1: exact (11,7,6), 141 vertices
M-1: exact (14,9,8), 133 vertices
M-1: exact (17,11,10), 133 vertices
M-2: s >= (0, 0) undecided: a sign is not certified on the region (0, 0): [][4,][4,]
M-2: s >= (1, 0) undecided: a sign at beta is not decided on any bracket: {[-2,]}{[-3,][-2,]}{[1,]}
M-2: s >= (2, 0) undecided: a sign at beta is not decided on any bracket: {[-4,][-6,]}{[6,][8,]}{[][-1,]}
M-2: s >= (3, 0) undecided: a sign at beta is not decided on any bracket: {[-2,][4,]}{[7,][-4,]}{[-3,][1,]}
M-2: s >= (4, 0) undecided: a sign at beta is not decided on any bracket: {[4,][-4,]}{[-10,][4,]}{[4,][-1,]}
M-2: s >= (6, 0) undecided: a sign at beta is not decided on any bracket: {[8,][-4,]}{[-16,][4,]}{[6,][-1,]}
M-2: s >= (8, 0), 164 vertices
M-2: exact (4,2,1), 139 vertices
M-2: exact (7,4,3), 116 vertices
M-2: exact (10,6,5), 188 vertices
M-2: exact (13,8,7), 176 vertices
M-2: exact (16,10,9), 168 vertices
M-2: exact (19,12,11), 166 vertices
M-2: exact (22,14,13), 164 vertices
M-2: exact (25,16,15), 164 vertices
M-3: s >= (0, 0) undecided: a sign is not certified on the region (0, 0): [][2,]
M-3: s >= (1, 0) undecided: a sign at beta is not decided on any bracket: {[-2,]}{[-2,][-2,]}{[1,]}
M-3: s >= (2, 0) undecided: a sign at beta is not decided on any bracket: {[-4,][-6,]}{[7,][8,]}{[-1,][-1,]}
M-3: s >= (3, 0) undecided: a sign at beta is not decided on any bracket: {[-2,][4,]}{[7,][-4,]}{[-3,][1,]}
M-3: s >= (4, 0) undecided: a sign at beta is not decided on any bracket: {[-4,][4,]}{[10,][-4,]}{[-4,][1,]}
M-3: s >= (6, 0) undecided: a sign at beta is not decided on any bracket: {[8,][-4,]}{[-16,][4,]}{[6,][-1,]}
M-3: s >= (8, 0) undecided: a sign at beta is not decided on any bracket: {[12,][-4,]}{[-22,][4,]}{[8,][-1,]}
M-3: s >= (12, 0), 175 vertices
M-3: exact (6,3,2), 129 vertices
M-3: exact (9,5,4), 112 vertices
M-3: exact (12,7,6), 199 vertices
M-3: exact (15,9,8), 190 vertices
M-3: exact (18,11,10), 179 vertices
M-3: exact (21,13,12), 177 vertices
M-3: exact (24,15,14), 175 vertices
M-3: exact (27,17,16), 175 vertices
M-3: exact (30,19,18), 175 vertices
M-3: exact (33,21,20), 175 vertices
M-3: exact (36,23,22), 175 vertices
B-: s >= (0, 0) undecided: a sign at beta is not decided on any bracket: {[-32,-4,][-2,]}{[76,8,][7,]}{[-4,][-1,]}
B-: s >= (1, 1) undecided: a sign at beta is not decided on any bracket: {[-30,-4,][-2,]}{[73,8,][7,]}{[-3,][-1,]}
B-: s >= (2, 2), 171 vertices
B- s1=0: s >= (0, 0) undecided: a sign at beta is not decided on any bracket: {[-20,-4,]}{[10,4,]}{[0,-1,]}
B- s1=0: s >= (0, 1) undecided: a sign at beta is not decided on any bracket: {[-18,-4,]}{[7,4,]}{[1,-1,]}
B- s1=0: s >= (0, 2), 171 vertices
B- s1=0: exact (26,16,15), 171 vertices
B- s1=0: exact (29,18,17), 171 vertices
B- s2=0: s >= (2, 0), 171 vertices
B- s1=1: s >= (0, 0) undecided: a sign at beta is not decided on any bracket: {[-22,-4,]}{[11,4,]}{[0,-1,]}
B- s1=1: s >= (0, 1) undecided: a sign at beta is not decided on any bracket: {[-20,-4,]}{[8,4,]}{[1,-1,]}
B- s1=1: s >= (0, 2), 171 vertices
B- s1=1: exact (28,17,16), 171 vertices
B- s1=1: exact (31,19,18), 171 vertices
B- s2=1: s >= (2, 0), 171 vertices
C--5: s >= (0, 0) undecided: a sign at beta is not decided on any bracket: {[-5,][-2,]}{[6,][4,]}{[][-1,]}
C--5: s >= (1, 0) undecided: a sign at beta is not decided on any bracket: {[-5,][-2,]}{[6,][4,]}{[][-1,]}
C--5: s >= (2, 0) undecided: a sign at beta is not decided on any bracket: {[-12,][-4,]}{[13,][6,]}{[][-1,]}
C--5: s >= (3, 0) undecided: a sign at beta is not decided on any bracket: {[-10,][-4,]}{[10,][6,]}{[1,][-1,]}
C--5: s >= (4, 0) undecided: a sign at beta is not decided on any bracket: {[-6,][-2,]}{[6,][5,]}{[2,][-1,]}
C--5: s >= (6, 0) undecided: a sign at beta is not decided on any bracket: {[-7,][-2,]}{[6,][6,]}{[4,][-1,]}
C--5: s >= (8, 0) undecided: a sign at beta is not decided on any bracket: {[-12,][-2,]}{[12,][7,]}{[4,][-1,]}
C--5: s >= (12, 0), 173 vertices
C--5: exact (7,6,5), 166 vertices
C--5: exact (9,7,6), 144 vertices
C--5: exact (11,8,7), 131 vertices
C--5: exact (13,9,8), 127 vertices
C--5: exact (15,10,9), 125 vertices
C--5: exact (17,11,10), 133 vertices
C--5: exact (19,12,11), 166 vertices
C--5: exact (21,13,12), 177 vertices
C--5: exact (23,14,13), 173 vertices
C--5: exact (25,15,14), 173 vertices
C--5: exact (27,16,15), 173 vertices
C--5: exact (29,17,16), 173 vertices
C--4: s >= (0, 0) undecided: a sign at beta is not decided on any bracket: {[-2,]}{[-6,][-1,]}{[1,]}
C--4: s >= (1, 0) undecided: a sign at beta is not decided on any bracket: {[-4,][-2,]}{[5,][4,]}{[][-1,]}
C--4: s >= (2, 0) undecided: a sign at beta is not decided on any bracket: {[-10,][-4,]}{[11,][6,]}{[][-1,]}
C--4: s >= (3, 0) undecided: a sign at beta is not decided on any bracket: {[-8,][-4,]}{[8,][6,]}{[1,][-1,]}
C--4: s >= (4, 0) undecided: a sign at beta is not decided on any bracket: {[-4,][-2,]}{[4,][5,]}{[2,][-1,]}
C--4: s >= (6, 0) undecided: a sign at beta is not decided on any bracket: {[-6,][-2,]}{[6,][6,]}{[3,][-1,]}
C--4: s >= (8, 0) undecided: a sign at beta is not decided on any bracket: {[-8,][-2,]}{[8,][7,]}{[4,][-1,]}
C--4: s >= (12, 0), 175 vertices
C--4: exact (6,5,4), 166 vertices
C--4: exact (8,6,5), 144 vertices
C--4: exact (10,7,6), 133 vertices
C--4: exact (12,8,7), 127 vertices
C--4: exact (14,9,8), 133 vertices
C--4: exact (16,10,9), 168 vertices
C--4: exact (18,11,10), 179 vertices
C--4: exact (20,12,11), 175 vertices
C--4: exact (22,13,12), 175 vertices
C--4: exact (24,14,13), 175 vertices
C--4: exact (26,15,14), 175 vertices
C--4: exact (28,16,15), 175 vertices
C--3: s >= (0, 0) undecided: a sign at beta is not decided on any bracket: {[-2,]}{[-5,][-1,]}{[1,]}
C--3: s >= (1, 0) undecided: a sign at beta is not decided on any bracket: {[-3,][-2,]}{[4,][4,]}{[][-1,]}
C--3: s >= (2, 0) undecided: a sign at beta is not decided on any bracket: {[-8,][-4,]}{[9,][6,]}{[][-1,]}
C--3: s >= (3, 0) undecided: a sign at beta is not decided on any bracket: {[-6,][-4,]}{[6,][6,]}{[1,][-1,]}
C--3: s >= (4, 0) undecided: a sign at beta is not decided on any bracket: {[-2,][-2,]}{[2,][5,]}{[2,][-1,]}
C--3: s >= (6, 0) undecided: a sign at beta is not decided on any bracket: {[-10,][-4,]}{[11,][8,]}{[2,][-1,]}
C--3: s >= (8, 0) undecided: a sign at beta is not decided on any bracket: {[-24,][-2,]}{[32,][5,]}{[-5,]}
C--3: s >= (12, 0) undecided: a sign at beta is not decided on any bracket: {[-24,][-2,]}{[32,][5,]}{[-5,]}
C--3: s >= (16, 0) undecided: a sign at beta is not decided on any bracket: {[-24,][-2,]}{[32,][5,]}{[-5,]}
C--3: s >= (24, 0), 186 vertices
C--3: exact (5,4,3), 168 vertices
C--3: exact (7,5,4), 148 vertices
C--3: exact (9,6,5), 135 vertices
C--3: exact (11,7,6), 141 vertices
C--3: exact (13,8,7), 176 vertices
C--3: exact (15,9,8), 190 vertices
C--3: exact (17,10,9), 186 vertices
C--3: exact (19,11,10), 186 vertices
C--3: exact (21,12,11), 186 vertices
C--3: exact (23,13,12), 186 vertices
C--3: exact (25,14,13), 186 vertices
C--3: exact (27,15,14), 186 vertices
C--3: exact (29,16,15), 186 vertices
C--3: exact (31,17,16), 186 vertices
C--3: exact (33,18,17), 186 vertices
C--3: exact (35,19,18), 186 vertices
C--3: exact (37,20,19), 186 vertices
C--3: exact (39,21,20), 186 vertices
C--3: exact (41,22,21), 186 vertices
C--3: exact (43,23,22), 186 vertices
C--3: exact (45,24,23), 186 vertices
C--3: exact (47,25,24), 186 vertices
C--3: exact (49,26,25), 186 vertices
C--3: exact (51,27,26), 186 vertices
C--2: s >= (0, 0) undecided: a sign at beta is not decided on any bracket: {[-2,]}{[-4,][-1,]}{[1,]}
C--2: s >= (1, 0) undecided: a sign at beta is not decided on any bracket: {[-2,]}{[-4,][-1,]}{[1,]}
C--2: s >= (2, 0) undecided: a sign at beta is not decided on any bracket: {[-6,][-4,]}{[7,][6,]}{[][-1,]}
C--2: s >= (3, 0) undecided: a sign at beta is not decided on any bracket: {[-4,][-4,]}{[4,][6,]}{[1,][-1,]}
C--2: s >= (4, 0) undecided: a sign at beta is not decided on any bracket: {[][-2,]}{[][5,]}{[2,][-1,]}
C--2: s >= (6, 0) undecided: a sign at beta is not decided on any bracket: {[-4,][-2,]}{[6,][7,]}{[2,][-1,]}
C--2: s >= (8, 0), 195 vertices
C--2: exact (4,3,2), 176 vertices
C--2: exact (6,4,3), 154 vertices
C--2: exact (8,5,4), 152 vertices
C--2: exact (10,6,5), 188 vertices
C--2: exact (12,7,6), 199 vertices
C--2: exact (14,8,7), 197 vertices
C--2: exact (16,9,8), 195 vertices
C--2: exact (18,10,9), 195 vertices
C--1: s >= (0, 0) undecided: a sign is not certified on the region (0, 0): [][2,][1,]
C--1: s >= (1, 0) undecided: a sign at beta is not decided on any bracket: {[-2,]}{[-3,][-1,]}{[1,]}
C--1: s >= (2, 0) undecided: a sign at beta is not decided on any bracket: {[-2,]}{[-3,][-1,]}{[1,]}
C--1: s >= (3, 0) undecided: a sign at beta is not decided on any bracket: {[-4,][-4,]}{[5,][6,]}{[][-1,]}
C--1: s >= (4, 0) undecided: a sign at beta is not decided on any bracket: {[-10,][-2,]}{[14,][3,]}{[-3,]}
C--1: s >= (6, 0) undecided: a sign at beta is not decided on any bracket: {[-10,][-2,]}{[14,][3,]}{[-3,]}
C--1: s >= (8, 0) undecided: a sign at beta is not decided on any bracket: {[-10,][-2,]}{[14,][3,]}{[-3,]}
C--1: s >= (12, 0) undecided: a sign at beta is not decided on any bracket: {[-10,][-2,]}{[14,][3,]}{[-3,]}
C--1: s >= (16, 0), 112 vertices
C--1: exact (3,2,1), 130 vertices
C--1: exact (5,3,2), 124 vertices
C--1: exact (7,4,3), 116 vertices
C--1: exact (9,5,4), 112 vertices
C--1: exact (11,6,5), 112 vertices
C--1: exact (13,7,6), 112 vertices
C--1: exact (15,8,7), 112 vertices
C--1: exact (17,9,8), 112 vertices
C--1: exact (19,10,9), 112 vertices
C--1: exact (21,11,10), 112 vertices
C--1: exact (23,12,11), 112 vertices
C--1: exact (25,13,12), 112 vertices
C--1: exact (27,14,13), 112 vertices
C--1: exact (29,15,14), 112 vertices
C--1: exact (31,16,15), 112 vertices
C--1: exact (33,17,16), 112 vertices
C-0: s >= (0, 0) undecided: a sign is not certified on the region (0, 0): [][1,]
C-0: s >= (1, 0) undecided: a sign is not certified on the region (1, 0): [-1,][][1,]
C-0: s >= (2, 0) undecided: a sign at beta is not decided on any bracket: {[-2,]}{[-2,][-1,]}{[1,]}
C-0: s >= (3, 0) undecided: a sign at beta is not decided on any bracket: {[-2,][-4,]}{[3,][6,]}{[][-1,]}
C-0: s >= (4, 0) undecided: a sign at beta is not decided on any bracket: {[-8,][-2,]}{[12,][3,]}{[-3,]}
C-0: s >= (6, 0) undecided: a sign at beta is not decided on any bracket: {[6,][2,]}{[-8,][-2,]}{[2,]}
C-0: s >= (8, 0) undecided: a sign at beta is not decided on any bracket: {[6,][2,]}{[-8,][-2,]}{[2,]}
C-0: s >= (12, 0) undecided: a sign at beta is not decided on any bracket: {[6,][2,]}{[-8,][-2,]}{[2,]}
C-0: s >= (16, 0), 124 vertices
C-0: exact (2,1,0), 152 vertices
C-0: exact (4,2,1), 139 vertices
C-0: exact (6,3,2), 129 vertices
C-0: exact (8,4,3), 126 vertices
C-0: exact (10,5,4), 124 vertices
C-0: exact (12,6,5), 124 vertices
C-0: exact (14,7,6), 124 vertices
C-0: exact (16,8,7), 124 vertices
C-0: exact (18,9,8), 124 vertices
C-0: exact (20,10,9), 124 vertices
C-0: exact (22,11,10), 124 vertices
C-0: exact (24,12,11), 124 vertices
C-0: exact (26,13,12), 124 vertices
C-0: exact (28,14,13), 124 vertices
C-0: exact (30,15,14), 124 vertices
C-0: exact (32,16,15), 124 vertices
C-1: s >= (0, 0) undecided: a sign is not certified on the region (0, 0): [][1,]
C-1: s >= (1, 0) undecided: a sign is not certified on the region (1, 0): [-1,][][1,]
C-1: s >= (2, 0) undecided: a sign at beta is not decided on any bracket: {[-2,]}{[-2,][-1,]}{[1,]}
C-1: s >= (3, 0) undecided: a sign at beta is not decided on any bracket: {[-2,]}{[4,][1,]}{[-1,]}
C-1: s >= (4, 0) undecided: a sign at beta is not decided on any bracket: {[6,][2,]}{[-5,][-1,]}{[1,]}
C-1: s >= (6, 0) undecided: a sign at beta is not decided on any bracket: {[6,][2,]}{[-5,][-1,]}{[1,]}
C-1: s >= (8, 0) undecided: a sign at beta is not decided on any bracket: {[12,][-4,]}{[-27,][2,]}{[9,][-1,]}
C-1: s >= (12, 0), 274 vertices
C-1: exact (5,2,1), 353 vertices
C-1: exact (7,3,2), 349 vertices
C-1: exact (9,4,3), 313 vertices
C-1: exact (11,5,4), 293 vertices
C-1: exact (13,6,5), 280 vertices
C-1: exact (15,7,6), 274 vertices
C-1: exact (17,8,7), 274 vertices
C-1: exact (19,9,8), 274 vertices
C-1: exact (21,10,9), 274 vertices
C-1: exact (23,11,10), 274 vertices
C-1: exact (25,12,11), 274 vertices
C-2: s >= (0, 0) undecided: a sign is not certified on the region (0, 0): [][1,]
C-2: s >= (1, 0) undecided: a sign is not certified on the region (1, 0): [1,][-1,]
C-2: s >= (2, 0) undecided: a sign at beta is not decided on any bracket: {[-2,]}{[-2,][-1,]}{[1,]}
C-2: s >= (3, 0) undecided: a sign at beta is not decided on any bracket: {[-2,]}{[4,][1,]}{[-1,]}
C-2: s >= (4, 0) undecided: a sign at beta is not decided on any bracket: {[-6,][2,]}{[17,][-1,]}{[-5,][1,]}
C-2: s >= (6, 0) undecided: a sign at beta is not decided on any bracket: {[10,][-2,]}{[-23,][1,]}{[7,][-1,]}
C-2: s >= (8, 0) undecided: a sign at beta is not decided on any bracket: {[12,][-2,]}{[-38,][-2,]}{[11,][-1,]}
C-2: s >= (12, 0) undecided: a sign at beta is not decided on any bracket: {[-20,][2,]}{[46,][1,]}{[-14,][1,]}
C-2: s >= (16, 0), 255 vertices
C-2: exact (8,3,2), 529 vertices
C-2: exact (10,4,3), 337 vertices
C-2: exact (12,5,4), 303 vertices
C-2: exact (14,6,5), 278 vertices
C-2: exact (16,7,6), 265 vertices
C-2: exact (18,8,7), 257 vertices
C-2: exact (20,9,8), 255 vertices
C-2: exact (22,10,9), 255 vertices
C-2: exact (24,11,10), 255 vertices
C-2: exact (26,12,11), 255 vertices
C-2: exact (28,13,12), 255 vertices
C-2: exact (30,14,13), 255 vertices
C-2: exact (32,15,14), 255 vertices
C-2: exact (34,16,15), 255 vertices
C-3: s >= (0, 0) undecided: a sign is not certified on the region (0, 0): [][1,]
C-3: s >= (1, 0) undecided: a sign is not certified on the region (1, 0): [2,][-1,]
C-3: s >= (2, 0) undecided: a sign is not certified on the region (2, 0): [2,][-1,]
C-3: s >= (3, 0) undecided: a sign at beta is not decided on any bracket: {[-2,]}{[4,][1,]}{[-1,]}
C-3: s >= (4, 0) undecided: a sign at beta is not decided on any bracket: {[-2,]}{[4,][1,]}{[-1,]}
C-3: s >= (6, 0) undecided: a sign at beta is not decided on any bracket: {[8,][-2,]}{[-23,][1,]}{[7,][-1,]}
C-3: s >= (8, 0) undecided: a sign at beta is not decided on any bracket: {[-12,][2,]}{[29,][-1,]}{[-9,][1,]}
C-3: s >= (12, 0) undecided: a sign at beta is not decided on any bracket: {[-16,][2,]}{[46,][1,]}{[-14,][1,]}
C-3: s >= (16, 0), 248 vertices
C-3: exact (11,4,3), 697 vertices
C-3: exact (13,5,4), 479 vertices
C-3: exact (15,6,5), 314 vertices
C-3: exact (17,7,6), 280 vertices
C-3: exact (19,8,7), 260 vertices
C-3: exact (21,9,8), 252 vertices
C-3: exact (23,10,9), 250 vertices
C-3: exact (25,11,10), 248 vertices
C-3: exact (27,12,11), 248 vertices
C-3: exact (29,13,12), 248 vertices
C-3: exact (31,14,13), 248 vertices
C-3: exact (33,15,14), 248 vertices
C-3: exact (35,16,15), 248 vertices
C-4: s >= (0, 0) undecided: a sign is not certified on the region (0, 0): [][1,]
C-4: s >= (1, 0) undecided: a sign is not certified on the region (1, 0): [3,][-1,]
C-4: s >= (2, 0) undecided: a sign is not certified on the region (2, 0): [3,][-1,]
C-4: s >= (3, 0) undecided: a sign is not certified on the region (3, 0): [3,][-1,]
C-4: s >= (4, 0) undecided: a sign at beta is not decided on any bracket: {[-2,]}{[4,][1,]}{[-1,]}
C-4: s >= (6, 0) undecided: a sign at beta is not decided on any bracket: {[-6,][2,]}{[23,][-1,]}{[-7,][1,]}
C-4: s >= (8, 0) undecided: a sign at beta is not decided on any bracket: {[10,][-2,]}{[-29,][1,]}{[9,][-1,]}
C-4: s >= (12, 0) undecided: a sign at beta is not decided on any bracket: {[-10,][2,]}{[50,][2,]}{[-15,][1,]}
C-4: s >= (16, 0) undecided: a sign at beta is not decided on any bracket: {[20,][-2,]}{[-58,][-1,]}{[18,][-1,]}
C-4: s >= (24, 0), 233 vertices
C-4: exact (14,5,4), 854 vertices
C-4: exact (16,6,5), 490 vertices
C-4: exact (18,7,6), 475 vertices
C-4: exact (20,8,7), 292 vertices
C-4: exact (22,9,8), 260 vertices
C-4: exact (24,10,9), 249 vertices
C-4: exact (26,11,10), 237 vertices
C-4: exact (28,12,11), 235 vertices
C-4: exact (30,13,12), 233 vertices
C-4: exact (32,14,13), 233 vertices
C-4: exact (34,15,14), 233 vertices
C-4: exact (36,16,15), 233 vertices
C-4: exact (38,17,16), 233 vertices
C-4: exact (40,18,17), 233 vertices
C-4: exact (42,19,18), 233 vertices
C-4: exact (44,20,19), 233 vertices
C-4: exact (46,21,20), 233 vertices
C-4: exact (48,22,21), 233 vertices
C-4: exact (50,23,22), 233 vertices
C-4: exact (52,24,23), 233 vertices
C-5: s >= (0, 0) undecided: a sign is not certified on the region (0, 0): [][1,]
C-5: s >= (1, 0) undecided: a sign is not certified on the region (1, 0): [4,][-1,]
C-5: s >= (2, 0) undecided: a sign is not certified on the region (2, 0): [4,][-1,]
C-5: s >= (3, 0) undecided: a sign is not certified on the region (3, 0): [4,][-1,]
C-5: s >= (4, 0) undecided: a sign is not certified on the region (4, 0): [4,][-1,]
C-5: s >= (6, 0) undecided: a sign at beta is not decided on any bracket: {[-4,][-2,]}{[28,][5,]}{[-6,]}
C-5: s >= (8, 0) undecided: a sign at beta is not decided on any bracket: {[8,][-2,]}{[-29,][1,]}{[9,][-1,]}
C-5: s >= (12, 0) undecided: a sign at beta is not decided on any bracket: {[-14,]}{[60,][4,]}{[-16,][1,]}
C-5: s >= (16, 0) undecided: a sign at beta is not decided on any bracket: {[-16,][2,]}{[58,][1,]}{[-18,][1,]}
C-5: s >= (24, 0), 233 vertices
C-5: exact (17,6,5), 1027 vertices
C-5: exact (19,7,6), 639 vertices
C-5: exact (21,8,7), 450 vertices
C-5: exact (23,9,8), 450 vertices
C-5: exact (25,10,9), 276 vertices
C-5: exact (27,11,10), 253 vertices
C-5: exact (29,12,11), 241 vertices
C-5: exact (31,13,12), 237 vertices
C-5: exact (33,14,13), 235 vertices
C-5: exact (35,15,14), 233 vertices
C-5: exact (37,16,15), 233 vertices
C-5: exact (39,17,16), 233 vertices
C-5: exact (41,18,17), 233 vertices
C-5: exact (43,19,18), 233 vertices
C-5: exact (45,20,19), 233 vertices
C-5: exact (47,21,20), 233 vertices
C-5: exact (49,22,21), 233 vertices
C-5: exact (51,23,22), 233 vertices
C-5: exact (53,24,23), 233 vertices
C-6: s >= (0, 0) undecided: a sign is not certified on the region (0, 0): [][1,]
C-6: s >= (1, 0) undecided: a sign is not certified on the region (1, 0): [5,][-1,]
C-6: s >= (2, 0) undecided: a sign is not certified on the region (2, 0): [5,][-1,]
C-6: s >= (3, 0) undecided: a sign is not certified on the region (3, 0): [5,][-1,]
C-6: s >= (4, 0) undecided: a sign is not certified on the region (4, 0): [5,][-1,]
C-6: s >= (6, 0) undecided: a sign at beta is not decided on any bracket: {[-2,]}{[4,][1,]}{[-1,]}
C-6: s >= (8, 0) undecided: a sign at beta is not decided on any bracket: {[-6,][2,]}{[29,][-1,]}{[-9,][1,]}
C-6: s >= (12, 0) undecided: a sign at beta is not decided on any bracket: {[14,][-2,]}{[-41,][1,]}{[13,][-1,]}
C-6: s >= (16, 0) undecided: a sign at beta is not decided on any bracket: {[8,][-2,]}{[-62,][-2,]}{[19,][-1,]}
C-6: s >= (24, 0), 221 vertices
C-6: exact (20,7,6), 1191 vertices
C-6: exact (22,8,7), 650 vertices
C-6: exact (24,9,8), 454 vertices
C-6: exact (26,10,9), 438 vertices
C-6: exact (28,11,10), 428 vertices
C-6: exact (30,12,11), 261 vertices
C-6: exact (32,13,12), 239 vertices
C-6: exact (34,14,13), 235 vertices
C-6: exact (36,15,14), 225 vertices
C-6: exact (38,16,15), 223 vertices
C-6: exact (40,17,16), 221 vertices
C-6: exact (42,18,17), 221 vertices
C-6: exact (44,19,18), 221 vertices
C-6: exact (46,20,19), 221 vertices
C-6: exact (48,21,20), 221 vertices
C-6: exact (50,22,21), 221 vertices
C-6: exact (52,23,22), 221 vertices
C-6: exact (54,24,23), 221 vertices
C-7: s >= (0, 0) undecided: a sign is not certified on the region (0, 0): [][1,]
C-7: s >= (1, 0) undecided: a sign is not certified on the region (1, 0): [6,][-1,]
C-7: s >= (2, 0) undecided: a sign is not certified on the region (2, 0): [6,][-1,]
C-7: s >= (3, 0) undecided: a sign is not certified on the region (3, 0): [6,][-1,]
C-7: s >= (4, 0) undecided: a sign is not certified on the region (4, 0): [6,][-1,]
C-7: s >= (6, 0) undecided: a sign is not certified on the region (6, 0): [6,][-1,]
C-7: s >= (8, 0) undecided: a sign at beta is not decided on any bracket: {[][-2,]}{[30,][5,]}{[-6,]}
C-7: s >= (12, 0) undecided: a sign at beta is not decided on any bracket: {[-18,][-4,]}{[41,][6,]}{[-7,]}
C-7: s >= (16, 0) undecided: a sign at beta is not decided on any bracket: {[14,]}{[-74,][-4,]}{[20,][-1,]}
C-7: s >= (24, 0), 219 vertices
C-7: exact (23,8,7), 1331 vertices
C-7: exact (25,9,8), 790 vertices
C-7: exact (27,10,9), 610 vertices
C-7: exact (29,11,10), 432 vertices
C-7: exact (31,12,11), 412 vertices
C-7: exact (33,13,12), 412 vertices
C-7: exact (35,14,13), 255 vertices
C-7: exact (37,15,14), 235 vertices
C-7: exact (39,16,15), 233 vertices
C-7: exact (41,17,16), 223 vertices
C-7: exact (43,18,17), 221 vertices
C-7: exact (45,19,18), 219 vertices
C-7: exact (47,20,19), 219 vertices
C-7: exact (49,21,20), 219 vertices
C-7: exact (51,22,21), 219 vertices
C-7: exact (53,23,22), 219 vertices
C-7: exact (55,24,23), 219 vertices
D-: s >= (0, 0) undecided: a sign at beta is not decided on any bracket: {[-34,-5,][-2,]}{[-114,-10,][-2,]}{[3,][-1,]}
D-: s >= (1, 1) undecided: a sign at beta is not decided on any bracket: {[-26,-4,][-2,]}{[-93,-8,][-1,]}{[3,][-1,]}
D-: s >= (2, 2) undecided: a sign at beta is not decided on any bracket: {[-24,-4,][-2,]}{[-96,-8,][-1,]}{[4,][-1,]}
D-: s >= (3, 3) undecided: a sign at beta is not decided on any bracket: {[22,4,][2,]}{[99,8,][1,]}{[-5,][1,]}
D-: s >= (4, 4) undecided: a sign at beta is not decided on any bracket: {[20,4,][2,]}{[102,8,][1,]}{[-6,][1,]}
D-: s >= (6, 6), 217 vertices
D- s1=0: s >= (0, 0) undecided: a sign at beta is not decided on any bracket: {[36,4,]}{[-128,-14,]}{[5,1,]}
D- s1=0: s >= (0, 1) undecided: a sign at beta is not decided on any bracket: {[94,10,]}{[-157,-17,]}{[5,1,]}
D- s1=0: s >= (0, 2), 217 vertices
D- s1=0: exact (50,21,20), 217 vertices
D- s1=0: exact (55,23,22), 217 vertices
D- s2=0: s >= (6, 0), 217 vertices
D- s1=1: s >= (0, 0) undecided: a sign at beta is not decided on any bracket: {[38,4,]}{[-133,-14,]}{[5,1,]}
D- s1=1: s >= (0, 1) undecided: a sign at beta is not decided on any bracket: {[98,10,]}{[-163,-17,]}{[5,1,]}
D- s1=1: s >= (0, 2), 217 vertices
D- s1=1: exact (52,22,21), 217 vertices
D- s1=1: exact (57,24,23), 217 vertices
D- s2=1: s >= (6, 0), 217 vertices
D- s1=2: s >= (0, 0) undecided: a sign at beta is not decided on any bracket: {[40,4,]}{[-138,-14,]}{[5,1,]}
D- s1=2: s >= (0, 1) undecided: a sign at beta is not decided on any bracket: {[102,10,]}{[-169,-17,]}{[5,1,]}
D- s1=2: s >= (0, 2), 217 vertices
D- s1=2: exact (54,23,22), 217 vertices
D- s1=2: exact (59,25,24), 217 vertices
D- s2=2: s >= (6, 0), 217 vertices
D- s1=3: s >= (0, 0) undecided: a sign at beta is not decided on any bracket: {[42,4,]}{[-143,-14,]}{[5,1,]}
D- s1=3: s >= (0, 1) undecided: a sign at beta is not decided on any bracket: {[106,10,]}{[-175,-17,]}{[5,1,]}
D- s1=3: s >= (0, 2), 217 vertices
D- s1=3: exact (56,24,23), 217 vertices
D- s1=3: exact (61,26,25), 217 vertices
D- s2=3: s >= (6, 0), 217 vertices
D- s1=4: s >= (0, 0) undecided: a sign at beta is not decided on any bracket: {[44,4,]}{[-148,-14,]}{[5,1,]}
D- s1=4: s >= (0, 1) undecided: a sign at beta is not decided on any bracket: {[110,10,]}{[-181,-17,]}{[5,1,]}
D- s1=4: s >= (0, 2), 217 vertices
D- s1=4: exact (58,25,24), 217 vertices
D- s1=4: exact (63,27,26), 217 vertices
D- s2=4: s >= (6, 0), 217 vertices
D- s1=5: s >= (0, 0) undecided: a sign at beta is not decided on any bracket: {[46,4,]}{[-153,-14,]}{[5,1,]}
D- s1=5: s >= (0, 1) undecided: a sign at beta is not decided on any bracket: {[114,10,]}{[-187,-17,]}{[5,1,]}
D- s1=5: s >= (0, 2), 217 vertices
D- s1=5: exact (60,26,25), 217 vertices
D- s1=5: exact (65,28,27), 217 vertices
D- s2=5: s >= (6, 0), 217 vertices
regions 45 finite 292 non-PIP 34 largest 274

real	53m16.680s
user	52m31.776s
sys	0m0.116s
