PIN [-1, 2, 0, 0, 1, 0, -1] 21 112 19 0 2 secs 63
PIN [-1, 2, 0, 0, 1, 0, 1] 23 74 21 0 2 secs 41
PIN [-2, 2, 0, 0, 1, 0, -1] 47 195 44 0 3 secs 281
PIN [-2, 2, 0, 0, 1, 0, 1] 25 74 22 0 3 secs 68
PIN [-3, 2, 0, 0, 1, 0, -1] 62 186 58 0 4 secs 343
PIN [-3, 2, 0, 0, 1, 0, 1] 28 74 24 0 4 secs 68
PIN [-4, 2, 0, 0, 1, 0, -1] 80 175 75 0 5 secs 621
PIN [-4, 2, 0, 0, 1, 0, 1] 31 74 26 0 5 secs 81
PIN [-5, 2, 0, 0, 1, 0, -1] 98 173 92 0 6 secs 929
PIN [-5, 2, 0, 0, 1, 0, 1] 34 74 28 0 6 secs 88
PIN [-6, 2, 0, 0, 1, 0, -1] 119 171 112 0 7 secs 1414
PIN [-6, 2, 0, 0, 1, 0, 1] 37 74 30 0 7 secs 111
PIN [-7, 2, 0, 0, 1, 0, -1] 142 171 134 0 8 secs 2072
PIN [-7, 2, 0, 0, 1, 0, 1] 51 74 43 0 8 secs 138
PIN [-8, 2, 0, 0, 1, 0, -1] 177 171 168 0 9 secs 3523
PIN [-8, 2, 0, 0, 1, 0, 1] 118 74 109 0 9 secs 800
PIN [0, 3, 0, 0, 2, 0, -1] 29 125 28 0 1 secs 165
PIN [0, 3, 0, 0, 2, 0, 1] 49 74 48 0 1 secs 247
PIN [1, 1, 0, 0, 1, 0, -1] 20 166 19 0 1 secs 71
PIN [1, 1, 0, 0, 1, 0, 1] 14 121 14 0 0 secs 43
PIN [1, 3, 0, 1, 2, 0, -1] 35 125 34 0 1 secs 282
PIN [10, 3, 0, 5, 2, 0, -1] 26 171 26 0 0 secs 335
PIN [10, 3, 0, 5, 2, 0, 1] 60 74 60 0 0 secs 467
PIN [12, 3, 0, 6, 2, 0, -1] 28 171 28 0 0 secs 336
PIN [12, 3, 0, 6, 2, 0, 1] 62 74 62 0 0 secs 466
PIN [14, 3, 0, 7, 2, 0, -1] 29 171 29 0 0 secs 418
PIN [14, 3, 0, 7, 2, 0, 1] 65 74 65 0 0 secs 555
PIN [16, 3, 0, 8, 2, 0, -1] 31 171 31 0 0 secs 419
PIN [16, 3, 0, 8, 2, 0, 1] 67 74 67 0 0 secs 571
PIN [2, 1, 0, 0, 1, 0, -1] 16 144 14 1 1 secs 65
PIN [2, 1, 0, 0, 1, 0, 1] 11 77 11 0 0 secs 30
PIN [2, 3, 0, 1, 2, 0, -1] 22 133 22 0 0 secs 228
PIN [2, 3, 0, 1, 2, 0, 1] 52 74 52 0 0 secs 340
PIN [2, 3, 0, 2, 2, 0, -1] 41 123 40 0 1 secs 338
PIN [3, 1, 0, 0, 1, 0, -1] 32 131 30 1 1 secs 74
PIN [3, 1, 0, 0, 1, 0, 1] 22 79 22 0 0 secs 38
PIN [3, 3, 0, 3, 2, 0, -1] 47 123 46 0 1 secs 405
PIN [4, 1, 0, 0, 1, 0, -1] 32 125 29 2 1 secs 85
PIN [4, 1, 0, 0, 1, 0, 1] 21 76 21 0 0 secs 31
PIN [4, 3, 0, 2, 2, 0, -1] 41 164 41 0 0 secs 354
PIN [4, 3, 0, 2, 2, 0, 1] 53 74 53 0 0 secs 356
PIN [4, 3, 0, 4, 2, 0, -1] 54 123 53 0 1 secs 509
PIN [5, 1, 0, 0, 1, 0, -1] 57 123 54 2 1 secs 167
PIN [5, 1, 0, 0, 1, 0, 1] 26 74 26 0 0 secs 50
PIN [6, 1, 0, 0, 1, 0, -1] 43 123 39 3 1 secs 109
PIN [6, 1, 0, 0, 1, 0, 1] 31 74 31 0 0 secs 51
PIN [6, 3, 0, 3, 2, 0, -1] 34 175 34 0 0 secs 371
PIN [6, 3, 0, 3, 2, 0, 1] 56 74 56 0 0 secs 380
PIN [7, 1, 0, 0, 1, 0, -1] 50 123 46 3 1 secs 161
PIN [7, 1, 0, 0, 1, 0, 1] 36 74 36 0 0 secs 62
PIN [8, 1, 0, 0, 1, 0, -1] 57 123 52 4 1 secs 176
PIN [8, 1, 0, 0, 1, 0, 1] 41 74 41 0 0 secs 78
PIN [8, 3, 0, 4, 2, 0, -1] 29 171 29 0 0 secs 348
PIN [8, 3, 0, 4, 2, 0, 1] 58 74 58 0 0 secs 416
